Added Component: Designator=E1(EEG_Electrode)
Added Component: Designator=E2(EEG_Electrode)
Added Component: Designator=E3(EEG_Electrode)
Added Component: Designator=E4(EEG_Electrode)
Added Component: Designator=E5(EEG_Electrode)
Added Component: Designator=E6(EEG_Electrode)
Added Component: Designator=E7(EEG_Electrode)
Added Component: Designator=E8(EEG_Electrode)
Added Component: Designator=IC1A(SOP65P490X110-8N)
Add component (AddParameter): Name = "Arrow Part Number"; Value = "LTC6078ACMS8#TRPBF"; VariantName = "[No Variations]"
Add component (AddParameter): Name = "Arrow Price/Stock"; Value = "https://www.arrow.com/en/products/ltc6078acms8trpbf/analog-devices?region=nac"; VariantName = "[No Variations]"
Add component (AddParameter): Name = "Datasheet Link"; Value = "https://datasheet.datasheetarchive.com/originals/distributors/Datasheets_SAMA/f60955edb7006695a84935bb44c6cde2.pdf"; VariantName = "[No Variations]"
Add component (AddParameter): Name = "Height"; Value = "1.1mm"; VariantName = "[No Variations]"
Add component (AddParameter): Name = "Manufacturer_Name"; Value = "Analog Devices"; VariantName = "[No Variations]"
Add component (AddParameter): Name = "Manufacturer_Part_Number"; Value = "LTC6078ACMS8#TRPBF"; VariantName = "[No Variations]"
Add component (AddParameter): Name = "Mouser Part Number"; Value = "584-C6078ACMS8TRPBF"; VariantName = "[No Variations]"
Add component (AddParameter): Name = "Mouser Price/Stock"; Value = "https://www.mouser.com/Search/Refine.aspx?Keyword=584-C6078ACMS8TRPBF"; VariantName = "[No Variations]"
Added Component: Designator=IC1B(SOP65P490X110-8N)
Add component (AddParameter): Name = "Arrow Part Number"; Value = "LTC6078ACMS8#TRPBF"; VariantName = "[No Variations]"
Add component (AddParameter): Name = "Arrow Price/Stock"; Value = "https://www.arrow.com/en/products/ltc6078acms8trpbf/analog-devices?region=nac"; VariantName = "[No Variations]"
Add component (AddParameter): Name = "Datasheet Link"; Value = "https://datasheet.datasheetarchive.com/originals/distributors/Datasheets_SAMA/f60955edb7006695a84935bb44c6cde2.pdf"; VariantName = "[No Variations]"
Add component (AddParameter): Name = "Height"; Value = "1.1mm"; VariantName = "[No Variations]"
Add component (AddParameter): Name = "Manufacturer_Name"; Value = "Analog Devices"; VariantName = "[No Variations]"
Add component (AddParameter): Name = "Manufacturer_Part_Number"; Value = "LTC6078ACMS8#TRPBF"; VariantName = "[No Variations]"
Add component (AddParameter): Name = "Mouser Part Number"; Value = "584-C6078ACMS8TRPBF"; VariantName = "[No Variations]"
Add component (AddParameter): Name = "Mouser Price/Stock"; Value = "https://www.mouser.com/Search/Refine.aspx?Keyword=584-C6078ACMS8TRPBF"; VariantName = "[No Variations]"
Added Component: Designator=IC1C(SOP65P490X110-8N)
Add component (AddParameter): Name = "Arrow Part Number"; Value = "LTC6078ACMS8#TRPBF"; VariantName = "[No Variations]"
Add component (AddParameter): Name = "Arrow Price/Stock"; Value = "https://www.arrow.com/en/products/ltc6078acms8trpbf/analog-devices?region=nac"; VariantName = "[No Variations]"
Add component (AddParameter): Name = "Datasheet Link"; Value = "https://datasheet.datasheetarchive.com/originals/distributors/Datasheets_SAMA/f60955edb7006695a84935bb44c6cde2.pdf"; VariantName = "[No Variations]"
Add component (AddParameter): Name = "Height"; Value = "1.1mm"; VariantName = "[No Variations]"
Add component (AddParameter): Name = "Manufacturer_Name"; Value = "Analog Devices"; VariantName = "[No Variations]"
Add component (AddParameter): Name = "Manufacturer_Part_Number"; Value = "LTC6078ACMS8#TRPBF"; VariantName = "[No Variations]"
Add component (AddParameter): Name = "Mouser Part Number"; Value = "584-C6078ACMS8TRPBF"; VariantName = "[No Variations]"
Add component (AddParameter): Name = "Mouser Price/Stock"; Value = "https://www.mouser.com/Search/Refine.aspx?Keyword=584-C6078ACMS8TRPBF"; VariantName = "[No Variations]"
Added Component: Designator=IC1D(SOP65P490X110-8N)
Add component (AddParameter): Name = "Arrow Part Number"; Value = "LTC6078ACMS8#TRPBF"; VariantName = "[No Variations]"
Add component (AddParameter): Name = "Arrow Price/Stock"; Value = "https://www.arrow.com/en/products/ltc6078acms8trpbf/analog-devices?region=nac"; VariantName = "[No Variations]"
Add component (AddParameter): Name = "Datasheet Link"; Value = "https://datasheet.datasheetarchive.com/originals/distributors/Datasheets_SAMA/f60955edb7006695a84935bb44c6cde2.pdf"; VariantName = "[No Variations]"
Add component (AddParameter): Name = "Height"; Value = "1.1mm"; VariantName = "[No Variations]"
Add component (AddParameter): Name = "Manufacturer_Name"; Value = "Analog Devices"; VariantName = "[No Variations]"
Add component (AddParameter): Name = "Manufacturer_Part_Number"; Value = "LTC6078ACMS8#TRPBF"; VariantName = "[No Variations]"
Add component (AddParameter): Name = "Mouser Part Number"; Value = "584-C6078ACMS8TRPBF"; VariantName = "[No Variations]"
Add component (AddParameter): Name = "Mouser Price/Stock"; Value = "https://www.mouser.com/Search/Refine.aspx?Keyword=584-C6078ACMS8TRPBF"; VariantName = "[No Variations]"
Added Component: Designator=IC1E(SOP65P490X110-8N)
Add component (AddParameter): Name = "Arrow Part Number"; Value = "LTC6078ACMS8#TRPBF"; VariantName = "[No Variations]"
Add component (AddParameter): Name = "Arrow Price/Stock"; Value = "https://www.arrow.com/en/products/ltc6078acms8trpbf/analog-devices?region=nac"; VariantName = "[No Variations]"
Add component (AddParameter): Name = "Datasheet Link"; Value = "https://datasheet.datasheetarchive.com/originals/distributors/Datasheets_SAMA/f60955edb7006695a84935bb44c6cde2.pdf"; VariantName = "[No Variations]"
Add component (AddParameter): Name = "Height"; Value = "1.1mm"; VariantName = "[No Variations]"
Add component (AddParameter): Name = "Manufacturer_Name"; Value = "Analog Devices"; VariantName = "[No Variations]"
Add component (AddParameter): Name = "Manufacturer_Part_Number"; Value = "LTC6078ACMS8#TRPBF"; VariantName = "[No Variations]"
Add component (AddParameter): Name = "Mouser Part Number"; Value = "584-C6078ACMS8TRPBF"; VariantName = "[No Variations]"
Add component (AddParameter): Name = "Mouser Price/Stock"; Value = "https://www.mouser.com/Search/Refine.aspx?Keyword=584-C6078ACMS8TRPBF"; VariantName = "[No Variations]"
Added Component: Designator=IC1F(SOP65P490X110-8N)
Add component (AddParameter): Name = "Arrow Part Number"; Value = "LTC6078ACMS8#TRPBF"; VariantName = "[No Variations]"
Add component (AddParameter): Name = "Arrow Price/Stock"; Value = "https://www.arrow.com/en/products/ltc6078acms8trpbf/analog-devices?region=nac"; VariantName = "[No Variations]"
Add component (AddParameter): Name = "Datasheet Link"; Value = "https://datasheet.datasheetarchive.com/originals/distributors/Datasheets_SAMA/f60955edb7006695a84935bb44c6cde2.pdf"; VariantName = "[No Variations]"
Add component (AddParameter): Name = "Height"; Value = "1.1mm"; VariantName = "[No Variations]"
Add component (AddParameter): Name = "Manufacturer_Name"; Value = "Analog Devices"; VariantName = "[No Variations]"
Add component (AddParameter): Name = "Manufacturer_Part_Number"; Value = "LTC6078ACMS8#TRPBF"; VariantName = "[No Variations]"
Add component (AddParameter): Name = "Mouser Part Number"; Value = "584-C6078ACMS8TRPBF"; VariantName = "[No Variations]"
Add component (AddParameter): Name = "Mouser Price/Stock"; Value = "https://www.mouser.com/Search/Refine.aspx?Keyword=584-C6078ACMS8TRPBF"; VariantName = "[No Variations]"
Added Component: Designator=IC1G(SOP65P490X110-8N)
Add component (AddParameter): Name = "Arrow Part Number"; Value = "LTC6078ACMS8#TRPBF"; VariantName = "[No Variations]"
Add component (AddParameter): Name = "Arrow Price/Stock"; Value = "https://www.arrow.com/en/products/ltc6078acms8trpbf/analog-devices?region=nac"; VariantName = "[No Variations]"
Add component (AddParameter): Name = "Datasheet Link"; Value = "https://datasheet.datasheetarchive.com/originals/distributors/Datasheets_SAMA/f60955edb7006695a84935bb44c6cde2.pdf"; VariantName = "[No Variations]"
Add component (AddParameter): Name = "Height"; Value = "1.1mm"; VariantName = "[No Variations]"
Add component (AddParameter): Name = "Manufacturer_Name"; Value = "Analog Devices"; VariantName = "[No Variations]"
Add component (AddParameter): Name = "Manufacturer_Part_Number"; Value = "LTC6078ACMS8#TRPBF"; VariantName = "[No Variations]"
Add component (AddParameter): Name = "Mouser Part Number"; Value = "584-C6078ACMS8TRPBF"; VariantName = "[No Variations]"
Add component (AddParameter): Name = "Mouser Price/Stock"; Value = "https://www.mouser.com/Search/Refine.aspx?Keyword=584-C6078ACMS8TRPBF"; VariantName = "[No Variations]"
Added Component: Designator=IC1H(SOP65P490X110-8N)
Add component (AddParameter): Name = "Arrow Part Number"; Value = "LTC6078ACMS8#TRPBF"; VariantName = "[No Variations]"
Add component (AddParameter): Name = "Arrow Price/Stock"; Value = "https://www.arrow.com/en/products/ltc6078acms8trpbf/analog-devices?region=nac"; VariantName = "[No Variations]"
Add component (AddParameter): Name = "Datasheet Link"; Value = "https://datasheet.datasheetarchive.com/originals/distributors/Datasheets_SAMA/f60955edb7006695a84935bb44c6cde2.pdf"; VariantName = "[No Variations]"
Add component (AddParameter): Name = "Height"; Value = "1.1mm"; VariantName = "[No Variations]"
Add component (AddParameter): Name = "Manufacturer_Name"; Value = "Analog Devices"; VariantName = "[No Variations]"
Add component (AddParameter): Name = "Manufacturer_Part_Number"; Value = "LTC6078ACMS8#TRPBF"; VariantName = "[No Variations]"
Add component (AddParameter): Name = "Mouser Part Number"; Value = "584-C6078ACMS8TRPBF"; VariantName = "[No Variations]"
Add component (AddParameter): Name = "Mouser Price/Stock"; Value = "https://www.mouser.com/Search/Refine.aspx?Keyword=584-C6078ACMS8TRPBF"; VariantName = "[No Variations]"
Add Pin To Net: Unknown Pin: Pin C1A-1
Add Pin To Net: Unknown Pin: Pin C1A-2
Add Pin To Net: Unknown Pin: Pin C1B-1
Add Pin To Net: Unknown Pin: Pin C1B-2
Add Pin To Net: Unknown Pin: Pin C1C-1
Add Pin To Net: Unknown Pin: Pin C1C-2
Add Pin To Net: Unknown Pin: Pin C1D-1
Add Pin To Net: Unknown Pin: Pin C1D-2
Add Pin To Net: Unknown Pin: Pin C1E-1
Add Pin To Net: Unknown Pin: Pin C1E-2
Add Pin To Net: Unknown Pin: Pin C1F-1
Add Pin To Net: Unknown Pin: Pin C1F-2
Add Pin To Net: Unknown Pin: Pin C1G-1
Add Pin To Net: Unknown Pin: Pin C1G-2
Add Pin To Net: Unknown Pin: Pin C1H-1
Add Pin To Net: Unknown Pin: Pin C1H-2
Added Pin To Net: NetName=NetE1_1 Pin=E1-1
Added Pin To Net: NetName=NetE2_1 Pin=E2-1
Added Pin To Net: NetName=NetE3_1 Pin=E3-1
Added Pin To Net: NetName=NetE4_1 Pin=E4-1
Added Pin To Net: NetName=NetE5_1 Pin=E5-1
Added Pin To Net: NetName=NetE6_1 Pin=E6-1
Added Pin To Net: NetName=NetE7_1 Pin=E7-1
Added Pin To Net: NetName=NetE8_1 Pin=E8-1
Added Pin To Net: NetName=INT1A Pin=IC1A-1
Added Pin To Net: NetName=INT1A Pin=IC1A-2
Added Pin To Net: NetName=NetIC1A_3 Pin=IC1A-3
Added Pin To Net: NetName=GND Pin=IC1A-4
Added Pin To Net: NetName=INT1A Pin=IC1A-5
Added Pin To Net: NetName=NetIC1A_6 Pin=IC1A-6
Added Pin To Net: NetName=NetIC1A_6 Pin=IC1A-7
Added Pin To Net: NetName=VCC Pin=IC1A-8
Added Pin To Net: NetName=INT1B Pin=IC1B-1
Added Pin To Net: NetName=INT1B Pin=IC1B-2
Added Pin To Net: NetName=NetIC1B_3 Pin=IC1B-3
Added Pin To Net: NetName=GND Pin=IC1B-4
Added Pin To Net: NetName=INT1B Pin=IC1B-5
Added Pin To Net: NetName=NetIC1B_6 Pin=IC1B-6
Added Pin To Net: NetName=NetIC1B_6 Pin=IC1B-7
Added Pin To Net: NetName=VCC Pin=IC1B-8
Added Pin To Net: NetName=INT1C Pin=IC1C-1
Added Pin To Net: NetName=INT1C Pin=IC1C-2
Added Pin To Net: NetName=NetIC1C_3 Pin=IC1C-3
Added Pin To Net: NetName=GND Pin=IC1C-4
Added Pin To Net: NetName=INT1C Pin=IC1C-5
Added Pin To Net: NetName=NetIC1C_6 Pin=IC1C-6
Added Pin To Net: NetName=NetIC1C_6 Pin=IC1C-7
Added Pin To Net: NetName=VCC Pin=IC1C-8
Added Pin To Net: NetName=INT1D Pin=IC1D-1
Added Pin To Net: NetName=INT1D Pin=IC1D-2
Added Pin To Net: NetName=NetIC1D_3 Pin=IC1D-3
Added Pin To Net: NetName=GND Pin=IC1D-4
Added Pin To Net: NetName=INT1D Pin=IC1D-5
Added Pin To Net: NetName=NetIC1D_6 Pin=IC1D-6
Added Pin To Net: NetName=NetIC1D_6 Pin=IC1D-7
Added Pin To Net: NetName=VCC Pin=IC1D-8
Added Pin To Net: NetName=INT1E Pin=IC1E-1
Added Pin To Net: NetName=INT1E Pin=IC1E-2
Added Pin To Net: NetName=NetIC1E_3 Pin=IC1E-3
Added Pin To Net: NetName=GND Pin=IC1E-4
Added Pin To Net: NetName=INT1E Pin=IC1E-5
Added Pin To Net: NetName=NetIC1E_6 Pin=IC1E-6
Added Pin To Net: NetName=NetIC1E_6 Pin=IC1E-7
Added Pin To Net: NetName=VCC Pin=IC1E-8
Added Pin To Net: NetName=INT1F Pin=IC1F-1
Added Pin To Net: NetName=INT1F Pin=IC1F-2
Added Pin To Net: NetName=NetIC1F_3 Pin=IC1F-3
Added Pin To Net: NetName=GND Pin=IC1F-4
Added Pin To Net: NetName=INT1F Pin=IC1F-5
Added Pin To Net: NetName=NetIC1F_6 Pin=IC1F-6
Added Pin To Net: NetName=NetIC1F_6 Pin=IC1F-7
Added Pin To Net: NetName=VCC Pin=IC1F-8
Added Pin To Net: NetName=INT1G Pin=IC1G-1
Added Pin To Net: NetName=INT1G Pin=IC1G-2
Added Pin To Net: NetName=NetIC1G_3 Pin=IC1G-3
Added Pin To Net: NetName=GND Pin=IC1G-4
Added Pin To Net: NetName=INT1G Pin=IC1G-5
Added Pin To Net: NetName=NetIC1G_6 Pin=IC1G-6
Added Pin To Net: NetName=NetIC1G_6 Pin=IC1G-7
Added Pin To Net: NetName=VCC Pin=IC1G-8
Added Pin To Net: NetName=INT1H Pin=IC1H-1
Added Pin To Net: NetName=INT1H Pin=IC1H-2
Added Pin To Net: NetName=NetIC1H_3 Pin=IC1H-3
Added Pin To Net: NetName=GND Pin=IC1H-4
Added Pin To Net: NetName=INT1H Pin=IC1H-5
Added Pin To Net: NetName=NetIC1H_6 Pin=IC1H-6
Added Pin To Net: NetName=NetIC1H_6 Pin=IC1H-7
Added Pin To Net: NetName=VCC Pin=IC1H-8
Add Pin To Net: Unknown Pin: Pin R1A-1
Add Pin To Net: Unknown Pin: Pin R1A-2
Add Pin To Net: Unknown Pin: Pin R1B-1
Add Pin To Net: Unknown Pin: Pin R1B-2
Add Pin To Net: Unknown Pin: Pin R1C-1
Add Pin To Net: Unknown Pin: Pin R1C-2
Add Pin To Net: Unknown Pin: Pin R1D-1
Add Pin To Net: Unknown Pin: Pin R1D-2
Add Pin To Net: Unknown Pin: Pin R1E-1
Add Pin To Net: Unknown Pin: Pin R1E-2
Add Pin To Net: Unknown Pin: Pin R1F-1
Add Pin To Net: Unknown Pin: Pin R1F-2
Add Pin To Net: Unknown Pin: Pin R1G-1
Add Pin To Net: Unknown Pin: Pin R1G-2
Add Pin To Net: Unknown Pin: Pin R1H-1
Add Pin To Net: Unknown Pin: Pin R1H-2
Add Pin To Net: Unknown Pin: Pin R2A-1
Add Pin To Net: Unknown Pin: Pin R2A-2
Add Pin To Net: Unknown Pin: Pin R2B-1
Add Pin To Net: Unknown Pin: Pin R2B-2
Add Pin To Net: Unknown Pin: Pin R2C-1
Add Pin To Net: Unknown Pin: Pin R2C-2
Add Pin To Net: Unknown Pin: Pin R2D-1
Add Pin To Net: Unknown Pin: Pin R2D-2
Add Pin To Net: Unknown Pin: Pin R2E-1
Add Pin To Net: Unknown Pin: Pin R2E-2
Add Pin To Net: Unknown Pin: Pin R2F-1
Add Pin To Net: Unknown Pin: Pin R2F-2
Add Pin To Net: Unknown Pin: Pin R2G-1
Add Pin To Net: Unknown Pin: Pin R2G-2
Add Pin To Net: Unknown Pin: Pin R2H-1
Add Pin To Net: Unknown Pin: Pin R2H-2
Add Pin To Net: Unknown Pin: Pin R3A-1
Add Pin To Net: Unknown Pin: Pin R3A-2
Add Pin To Net: Unknown Pin: Pin R3B-1
Add Pin To Net: Unknown Pin: Pin R3B-2
Add Pin To Net: Unknown Pin: Pin R3C-1
Add Pin To Net: Unknown Pin: Pin R3C-2
Add Pin To Net: Unknown Pin: Pin R3D-1
Add Pin To Net: Unknown Pin: Pin R3D-2
Add Pin To Net: Unknown Pin: Pin R3E-1
Add Pin To Net: Unknown Pin: Pin R3E-2
Add Pin To Net: Unknown Pin: Pin R3F-1
Add Pin To Net: Unknown Pin: Pin R3F-2
Add Pin To Net: Unknown Pin: Pin R3G-1
Add Pin To Net: Unknown Pin: Pin R3G-2
Add Pin To Net: Unknown Pin: Pin R3H-1
Add Pin To Net: Unknown Pin: Pin R3H-2
Add Pin To Net: Unknown Pin: Pin R4A-1
Add Pin To Net: Unknown Pin: Pin R4A-2
Add Pin To Net: Unknown Pin: Pin R4B-1
Add Pin To Net: Unknown Pin: Pin R4B-2
Add Pin To Net: Unknown Pin: Pin R4C-1
Add Pin To Net: Unknown Pin: Pin R4C-2
Add Pin To Net: Unknown Pin: Pin R4D-1
Add Pin To Net: Unknown Pin: Pin R4D-2
Add Pin To Net: Unknown Pin: Pin R4E-1
Add Pin To Net: Unknown Pin: Pin R4E-2
Add Pin To Net: Unknown Pin: Pin R4F-1
Add Pin To Net: Unknown Pin: Pin R4F-2
Add Pin To Net: Unknown Pin: Pin R4G-1
Add Pin To Net: Unknown Pin: Pin R4G-2
Add Pin To Net: Unknown Pin: Pin R4H-1
Add Pin To Net: Unknown Pin: Pin R4H-2
Add Class Member: Failed to add class member : Component C1A (C1) 0.1u
Add Class Member: Failed to add class member : Component C1B (C1) 0.1u
Add Class Member: Failed to add class member : Component C1C (C1) 0.1u
Add Class Member: Failed to add class member : Component C1D (C1) 0.1u
Add Class Member: Failed to add class member : Component C1E (C1) 0.1u
Add Class Member: Failed to add class member : Component C1F (C1) 0.1u
Add Class Member: Failed to add class member : Component C1G (C1) 0.1u
Add Class Member: Failed to add class member : Component C1H (C1) 0.1u
Added Member To Class: ClassName=EEG_Electrodes Member=Component E1 EEG_Electrode
Added Member To Class: ClassName=EEG_Electrodes Member=Component E2 EEG_Electrode
Added Member To Class: ClassName=EEG_Electrodes Member=Component E3 EEG_Electrode
Added Member To Class: ClassName=EEG_Electrodes Member=Component E4 EEG_Electrode
Added Member To Class: ClassName=EEG_Electrodes Member=Component E5 EEG_Electrode
Added Member To Class: ClassName=EEG_Electrodes Member=Component E6 EEG_Electrode
Added Member To Class: ClassName=EEG_Electrodes Member=Component E7 EEG_Electrode
Added Member To Class: ClassName=EEG_Electrodes Member=Component E8 EEG_Electrode
Added Member To Class: ClassName=Designator1 Member=Component IC1A (IC1) LTC6078ACMS8#TRPBF
Added Member To Class: ClassName=Designator2 Member=Component IC1B (IC1) LTC6078ACMS8#TRPBF
Added Member To Class: ClassName=Designator3 Member=Component IC1C (IC1) LTC6078ACMS8#TRPBF
Added Member To Class: ClassName=Designator4 Member=Component IC1D (IC1) LTC6078ACMS8#TRPBF
Added Member To Class: ClassName=Designator5 Member=Component IC1E (IC1) LTC6078ACMS8#TRPBF
Added Member To Class: ClassName=Designator6 Member=Component IC1F (IC1) LTC6078ACMS8#TRPBF
Added Member To Class: ClassName=Designator7 Member=Component IC1G (IC1) LTC6078ACMS8#TRPBF
Added Member To Class: ClassName=Designator8 Member=Component IC1H (IC1) LTC6078ACMS8#TRPBF
Add Class Member: Failed to add class member : Component R1A (R1) 100
Add Class Member: Failed to add class member : Component R1B (R1) 100
Add Class Member: Failed to add class member : Component R1C (R1) 100
Add Class Member: Failed to add class member : Component R1D (R1) 100
Add Class Member: Failed to add class member : Component R1E (R1) 100
Add Class Member: Failed to add class member : Component R1F (R1) 100
Add Class Member: Failed to add class member : Component R1G (R1) 100
Add Class Member: Failed to add class member : Component R1H (R1) 100
Add Class Member: Failed to add class member : Component R2A (R2) 100
Add Class Member: Failed to add class member : Component R2B (R2) 100
Add Class Member: Failed to add class member : Component R2C (R2) 100
Add Class Member: Failed to add class member : Component R2D (R2) 100
Add Class Member: Failed to add class member : Component R2E (R2) 100
Add Class Member: Failed to add class member : Component R2F (R2) 100
Add Class Member: Failed to add class member : Component R2G (R2) 100
Add Class Member: Failed to add class member : Component R2H (R2) 100
Add Class Member: Failed to add class member : Component R3A (R3) 68k
Add Class Member: Failed to add class member : Component R3B (R3) 68k
Add Class Member: Failed to add class member : Component R3C (R3) 68k
Add Class Member: Failed to add class member : Component R3D (R3) 68k
Add Class Member: Failed to add class member : Component R3E (R3) 68k
Add Class Member: Failed to add class member : Component R3F (R3) 68k
Add Class Member: Failed to add class member : Component R3G (R3) 68k
Add Class Member: Failed to add class member : Component R3H (R3) 68k
Add Class Member: Failed to add class member : Component R4A (R4) 10k
Add Class Member: Failed to add class member : Component R4B (R4) 10k
Add Class Member: Failed to add class member : Component R4C (R4) 10k
Add Class Member: Failed to add class member : Component R4D (R4) 10k
Add Class Member: Failed to add class member : Component R4E (R4) 10k
Add Class Member: Failed to add class member : Component R4F (R4) 10k
Add Class Member: Failed to add class member : Component R4G (R4) 10k
Add Class Member: Failed to add class member : Component R4H (R4) 10k
Added Room: Name=Designator1
Added Room: Name=Designator2
Added Room: Name=Designator3
Added Room: Name=Designator4
Added Room: Name=Designator5
Added Room: Name=Designator6
Added Room: Name=Designator7
Added Room: Name=Designator8
