Change Component Designator: OldDesignator=D? NewDesignator=D1
Change Component Designator: OldDesignator=D?A NewDesignator=D2A
Change Component Designator: OldDesignator=D?B NewDesignator=D2B
Change Component Designator: OldDesignator=D?C NewDesignator=D2C
Change Component Designator: OldDesignator=D?D NewDesignator=D2D
Change Component Designator: OldDesignator=D?E NewDesignator=D2E
Change Component Designator: OldDesignator=D?F NewDesignator=D2F
Change Component Designator: OldDesignator=D?G NewDesignator=D2G
Change Component Designator: OldDesignator=R? NewDesignator=R3
Change Component Designator: OldDesignator=R?A NewDesignator=R5A
Change Component Designator: OldDesignator=R?B NewDesignator=R5B
Change Component Designator: OldDesignator=R?C NewDesignator=R5C
Change Component Designator: OldDesignator=R?D NewDesignator=R5D
Change Component Designator: OldDesignator=R?E NewDesignator=R5E
Change Component Designator: OldDesignator=R?F NewDesignator=R5F
Change Component Designator: OldDesignator=R?G NewDesignator=R5G
Change Net Name : Old Net Name=NetD?A_2 New Net Name=NetD2A_2
Change Net Name : Old Net Name=NetD?B_2 New Net Name=NetD2B_2
Change Net Name : Old Net Name=NetD?C_2 New Net Name=NetD2C_2
Change Net Name : Old Net Name=NetD?D_2 New Net Name=NetD2D_2
Change Net Name : Old Net Name=NetD?E_2 New Net Name=NetD2E_2
Change Net Name : Old Net Name=NetD?F_2 New Net Name=NetD2F_2
Change Net Name : Old Net Name=NetD?G_2 New Net Name=NetD2G_2
