Removed Pin From Net: NetName=GND Pin=TP18-1
Removed Member From Class: ClassName=EEG_Thesis Member=TP32
Removed Member From Class: ClassName=RF Member=NetC22_2
Removed Member From Class: ClassName=RF Member=NetC25_1
Change Component Designator: OldDesignator=C21 NewDesignator=C22
Change Component Designator: OldDesignator=C22 NewDesignator=C23
Change Component Designator: OldDesignator=C23 NewDesignator=C24
Change Component Designator: OldDesignator=C24 NewDesignator=C25
Change Component Designator: OldDesignator=C25 NewDesignator=C21
Change Component Designator: OldDesignator=R16 NewDesignator=R17
Change Component Designator: OldDesignator=R17 NewDesignator=R16
Change Component Designator: OldDesignator=TP14 NewDesignator=TP18
Change Component Designator: OldDesignator=TP19 NewDesignator=TP14
Change Component Designator: OldDesignator=TP20 NewDesignator=TP23
Change Component Designator: OldDesignator=TP21 NewDesignator=TP24
Change Component Designator: OldDesignator=TP22 NewDesignator=TP27
Change Component Designator: OldDesignator=TP23 NewDesignator=TP21
Change Component Designator: OldDesignator=TP24 NewDesignator=TP28
Change Component Designator: OldDesignator=TP25 NewDesignator=TP19
Change Component Designator: OldDesignator=TP26 NewDesignator=TP20
Change Component Designator: OldDesignator=TP27 NewDesignator=TP22
Change Component Designator: OldDesignator=TP28 NewDesignator=TP25
Change Component Designator: OldDesignator=TP29 NewDesignator=TP26
Change Component Designator: OldDesignator=TP30 NewDesignator=TP29
Change Component Designator: OldDesignator=TP31 NewDesignator=TP30
Change Component Designator: OldDesignator=TP32 NewDesignator=TP31
Change Net Name : Old Net Name=NetC22_2 New Net Name=NetC23_2
Change Net Name : Old Net Name=NetC23_2 New Net Name=NetC24_2
Change Net Name : Old Net Name=NetC25_1 New Net Name=NetC21_1
Added Member To Class: ClassName=RF Member=Wire NetC21_1
Added Member To Class: ClassName=RF Member=Wire NetC24_2
