Added Pin To Net: NetName=NRF_ADS_SCLK Pin=TP1-1
Added Pin To Net: NetName=NRF_UART_TX Pin=TP2-1
Added Pin To Net: NetName=+1.8V Pin=TP3-1
Added Pin To Net: NetName=NRF_IMU_SDA Pin=TP4-1
Added Pin To Net: NetName=NRF_ADS_DIN Pin=TP5-1
Added Pin To Net: NetName=GND Pin=TP6-1
Added Pin To Net: NetName=NRF_IMU_SCL Pin=TP7-1
Added Pin To Net: NetName=NRF_UART_RX Pin=TP8-1
Added Pin To Net: NetName=NRF_ADS_DOUT Pin=TP9-1
Added Pin To Net: NetName=NRF_ADS_CS Pin=TP10-1
Added Pin To Net: NetName=+5V Pin=TP11-1
Added Pin To Net: NetName=VBOOST Pin=TP12-1
Added Pin To Net: NetName=VBAT Pin=TP13-1
Added Pin To Net: NetName=GND Pin=TP14-1
Added Pin To Net: NetName=GND Pin=TP15-1
Added Pin To Net: NetName=VSYS Pin=TP16-1
Added Pin To Net: NetName=VBUS Pin=TP17-1
Added Pin To Net: NetName=GND Pin=TP18-1
Added Pin To Net: NetName=+1.8V Pin=TP19-1
Added Pin To Net: NetName=NRF_ADS_DRDY Pin=TP20-1
Added Pin To Net: NetName=NRF_PMIC_CHG Pin=TP21-1
Added Pin To Net: NetName=NRF_PMIC_ERR Pin=TP22-1
Added Pin To Net: NetName=Pad8 Pin=TP23-1
Added Pin To Net: NetName=GND Pin=TP24-1
