Added Component: Designator=TP1(TP)
Added Component: Designator=TP2(TP)
Added Component: Designator=TP3(TP)
Added Component: Designator=TP4(TP)
Added Component: Designator=TP5(TP)
Added Component: Designator=TP6(TP)
Added Component: Designator=TP7(TP)
Added Component: Designator=TP8(TP)
Added Component: Designator=TP9(TP)
Added Component: Designator=TP10(TP)
Added Component: Designator=TP11(TP)
Added Component: Designator=TP12(TP)
Added Component: Designator=TP13(TP)
Added Component: Designator=TP14(TP)
Added Component: Designator=TP15(TP)
Added Component: Designator=TP16(TP)
Added Component: Designator=TP17(TP)
Added Component: Designator=TP18(TP)
Added Component: Designator=TP19(TP)
Added Component: Designator=TP20(TP)
Added Component: Designator=TP21(TP)
Added Component: Designator=TP22(TP)
Added Component: Designator=TP23(TP)
Added Component: Designator=TP24(TP)
Added Pin To Net: NetName=NRF_ADS_SCLK Pin=TP1-1
Added Pin To Net: NetName=NRF_UART_TX Pin=TP2-1
Added Pin To Net: NetName=+1.8V Pin=TP3-1
Added Pin To Net: NetName=NRF_IMU_SDA Pin=TP4-1
Added Pin To Net: NetName=NRF_ADS_DIN Pin=TP5-1
Added Pin To Net: NetName=GND Pin=TP6-1
Added Pin To Net: NetName=NRF_IMU_SCL Pin=TP7-1
Added Pin To Net: NetName=NRF_UART_RX Pin=TP8-1
Added Pin To Net: NetName=NRF_ADS_DOUT Pin=TP9-1
Added Pin To Net: NetName=NRF_ADS_CS Pin=TP10-1
Added Pin To Net: NetName=+5V Pin=TP11-1
Added Pin To Net: NetName=VBOOST Pin=TP12-1
Added Pin To Net: NetName=VBAT Pin=TP13-1
Added Pin To Net: NetName=GND Pin=TP14-1
Added Pin To Net: NetName=GND Pin=TP15-1
Added Pin To Net: NetName=VSYS Pin=TP16-1
Added Pin To Net: NetName=VBUS Pin=TP17-1
Added Pin To Net: NetName=GND Pin=TP18-1
Added Pin To Net: NetName=+1.8V Pin=TP19-1
Added Pin To Net: NetName=NRF_ADS_DRDY Pin=TP20-1
Added Pin To Net: NetName=NRF_PMIC_CHG Pin=TP21-1
Added Pin To Net: NetName=NRF_PMIC_ERR Pin=TP22-1
Added Pin To Net: NetName=Pad8 Pin=TP23-1
Added Pin To Net: NetName=GND Pin=TP24-1
Added Member To Class: ClassName=EEG_Thesis Member=Component R19 AF0201JR-071ML
Added Member To Class: ClassName=EEG_Thesis Member=Component TP1 TP
Added Member To Class: ClassName=EEG_Thesis Member=Component TP2 TP
Added Member To Class: ClassName=EEG_Thesis Member=Component TP3 TP
Added Member To Class: ClassName=EEG_Thesis Member=Component TP4 TP
Added Member To Class: ClassName=EEG_Thesis Member=Component TP5 TP
Added Member To Class: ClassName=EEG_Thesis Member=Component TP6 TP
Added Member To Class: ClassName=EEG_Thesis Member=Component TP7 TP
Added Member To Class: ClassName=EEG_Thesis Member=Component TP8 TP
Added Member To Class: ClassName=EEG_Thesis Member=Component TP9 TP
Added Member To Class: ClassName=EEG_Thesis Member=Component TP10 TP
Added Member To Class: ClassName=EEG_Thesis Member=Component TP11 TP
Added Member To Class: ClassName=EEG_Thesis Member=Component TP12 TP
Added Member To Class: ClassName=EEG_Thesis Member=Component TP13 TP
Added Member To Class: ClassName=EEG_Thesis Member=Component TP14 TP
Added Member To Class: ClassName=EEG_Thesis Member=Component TP15 TP
Added Member To Class: ClassName=EEG_Thesis Member=Component TP16 TP
Added Member To Class: ClassName=EEG_Thesis Member=Component TP17 TP
Added Member To Class: ClassName=EEG_Thesis Member=Component TP18 TP
Added Member To Class: ClassName=EEG_Thesis Member=Component TP19 TP
Added Member To Class: ClassName=EEG_Thesis Member=Component TP20 TP
Added Member To Class: ClassName=EEG_Thesis Member=Component TP21 TP
Added Member To Class: ClassName=EEG_Thesis Member=Component TP22 TP
Added Member To Class: ClassName=EEG_Thesis Member=Component TP23 TP
Added Member To Class: ClassName=EEG_Thesis Member=Component TP24 TP
