Removed Pin From Net: NetName=GND Pin=J3-A1B12
Removed Pin From Net: NetName=VBUS_PRE Pin=J3-A4B9
Removed Pin From Net: NetName=CC1 Pin=J3-A5
Removed Pin From Net: NetName=D_P Pin=J3-A6
Removed Pin From Net: NetName=D_N Pin=J3-A7
Removed Pin From Net: NetName=GND Pin=J3-B1A12
Removed Pin From Net: NetName=VBUS_PRE Pin=J3-B4A9
Removed Pin From Net: NetName=CC2 Pin=J3-B5
Removed Pin From Net: NetName=D_P Pin=J3-B6
Removed Pin From Net: NetName=D_N Pin=J3-B7
Removed Pin From Net: NetName=GND Pin=J3-SH1
Removed Pin From Net: NetName=GND Pin=J3-SH2
Removed Pin From Net: NetName=GND Pin=J3-SH3
Removed Pin From Net: NetName=GND Pin=J3-SH4
Removed Pin From Net: NetName=CC2 Pin=R16-1
Removed Pin From Net: NetName=CC1 Pin=R18-1
Removed Member From Class: ClassName=EEG_Thesis Member=J3
Added Pin To Net: NetName=GND Pin=J?-A1
Added Pin To Net: NetName=VBUS_PRE Pin=J?-A4
Added Pin To Net: NetName=CC1 Pin=J?-A5
Added Pin To Net: NetName=D_P Pin=J?-A6
Added Pin To Net: NetName=D_N Pin=J?-A7
Added Pin To Net: NetName=VBUS_PRE Pin=J?-A9
Added Pin To Net: NetName=GND Pin=J?-A12
Added Pin To Net: NetName=GND Pin=J?-B1
Added Pin To Net: NetName=VBUS_PRE Pin=J?-B4
Added Pin To Net: NetName=CC2 Pin=J?-B5
Added Pin To Net: NetName=D_P Pin=J?-B6
Added Pin To Net: NetName=D_N Pin=J?-B7
Added Pin To Net: NetName=VBUS_PRE Pin=J?-B9
Added Pin To Net: NetName=GND Pin=J?-B12
Added Pin To Net: NetName=GND Pin=J?-S1
Added Pin To Net: NetName=GND Pin=J?-S2
Added Pin To Net: NetName=GND Pin=J?-S3
Added Pin To Net: NetName=GND Pin=J?-S4
Added Pin To Net: NetName=CC1 Pin=R16-1
Added Pin To Net: NetName=CC2 Pin=R18-1
