Change Footprint: Footprint Not Found QFN40P600X600X90-48N
Add Component: Footprint Not Found CAPC0603X03L_C
Add Component: Footprint Not Found CAPC0603X03L_C
Add Component: Footprint Not Found CAPC0603X03L_C
Add Component: Footprint Not Found INDC0603X03L_C
Add Component: Footprint Not Found INDC0603X03L_C
Add Component: Footprint Not Found INDC0603X03L_C
Added Component: Designator=U4(nRF54L15 CUSTOM)
Add component (AddParameter): Name = "Artikkelnr Noca"; Value = "N.A."; VariantName = "[No Variations]"
Add component (AddParameter): Name = "Assembly"; Value = ""; VariantName = "[No Variations]"
Add component (AddParameter): Name = "Author"; Value = "stl1"; VariantName = "[No Variations]"
Add component (AddParameter): Name = "Component Class"; Value = "Nordic_Devices"; VariantName = "[No Variations]"
Add component (AddParameter): Name = "Component Status"; Value = "Active"; VariantName = "[No Variations]"
Add component (AddParameter): Name = "ComponentLink1Description"; Value = "Datasheet"; VariantName = "[No Variations]"
Add component (AddParameter): Name = "ComponentLink1URL"; Value = "N.A."; VariantName = "[No Variations]"
Add component (AddParameter): Name = "ComponentLink2Description"; Value = "Supplier link"; VariantName = "[No Variations]"
Add component (AddParameter): Name = "ComponentLink2URL"; Value = "N.A."; VariantName = "[No Variations]"
Add component (AddParameter): Name = "Footprint Doc"; Value = "QFN-48"; VariantName = "[No Variations]"
Add component (AddParameter): Name = "HelpURL"; Value = "N.A."; VariantName = "[No Variations]"
Add component (AddParameter): Name = "LatestRevisionDate"; Value = "2024-11-27"; VariantName = "[No Variations]"
Add component (AddParameter): Name = "Manufacturer"; Value = "Nordic Semiconductor"; VariantName = "[No Variations]"
Add component (AddParameter): Name = "Manufacturer Part Number"; Value = "nRF54L15-QFAA"; VariantName = "[No Variations]"
Add component (AddParameter): Name = "Note"; Value = "N.A."; VariantName = "[No Variations]"
Add component (AddParameter): Name = "Pad Count"; Value = "49"; VariantName = "[No Variations]"
Add component (AddParameter): Name = "Part Number"; Value = "nRF54L15-QFAA"; VariantName = "[No Variations]"
Add component (AddParameter): Name = "Part number IPS"; Value = "N.A."; VariantName = "[No Variations]"
Add component (AddParameter): Name = "Part number NEMS"; Value = "102000370"; VariantName = "[No Variations]"
Add component (AddParameter): Name = "Part number Norautron"; Value = "N.A."; VariantName = "[No Variations]"
Add component (AddParameter): Name = "PartId"; Value = "102000370"; VariantName = "[No Variations]"
Add component (AddParameter): Name = "Published"; Value = "2024-11-27"; VariantName = "[No Variations]"
Add component (AddParameter): Name = "Supplier 1"; Value = "Nordic Semiconductor"; VariantName = "[No Variations]"
Add component (AddParameter): Name = "Supplier 2"; Value = "N.A."; VariantName = "[No Variations]"
Add component (AddParameter): Name = "Supplier Part Number 1"; Value = "nRF54L15-QFAA"; VariantName = "[No Variations]"
Add component (AddParameter): Name = "Supplier Part Number 2"; Value = "N.A."; VariantName = "[No Variations]"
Add component (AddParameter): Name = "Value"; Value = "nRF54L15-QFAA"; VariantName = "[No Variations]"
Add Pin To Net: Unknown Pin: Pin C45-1
Add Pin To Net: Unknown Pin: Pin C45-2
Add Pin To Net: Unknown Pin: Pin C46-1
Add Pin To Net: Unknown Pin: Pin C46-2
Add Pin To Net: Unknown Pin: Pin C47-1
Add Pin To Net: Unknown Pin: Pin C47-2
Add Pin To Net: Unknown Pin: Pin L5-1
Add Pin To Net: Unknown Pin: Pin L5-2
Add Pin To Net: Unknown Pin: Pin L6-1
Add Pin To Net: Unknown Pin: Pin L6-2
Add Pin To Net: Unknown Pin: Pin L7-1
Add Pin To Net: Unknown Pin: Pin L7-2
Added Pin To Net: NetName=VDD_nRF Pin=U4-10
Added Pin To Net: NetName=VDD_nRF Pin=U4-22
Added Pin To Net: NetName=SWDIO Pin=U4-25
Added Pin To Net: NetName=SWDCLK Pin=U4-26
Added Pin To Net: NetName=NetC51_2 Pin=U4-30
Added Pin To Net: NetName=NetL5_1 Pin=U4-31
Added Pin To Net: NetName=GND Pin=U4-32
Added Pin To Net: NetName=DECA Pin=U4-33
Added Pin To Net: NetName=XC1 Pin=U4-34
Added Pin To Net: NetName=XC2 Pin=U4-35
Added Pin To Net: NetName=VDD_nRF Pin=U4-36
Added Pin To Net: NetName=DECA Pin=U4-43
Added Pin To Net: NetName=GND Pin=U4-44
Added Pin To Net: NetName=DECD Pin=U4-45
Added Pin To Net: NetName=DCC Pin=U4-46
Added Pin To Net: NetName=VDD_nRF Pin=U4-47
Added Pin To Net: NetName=VDD_nRF Pin=U4-48
Added Pin To Net: NetName=GND Pin=U4-49
Add Class Member: Failed to add class member : Component C45 1.5pF
Add Class Member: Failed to add class member : Component C46 2.0pF
Add Class Member: Failed to add class member : Component C47 0.3pF
Add Class Member: Failed to add class member : Component L5 2.7nH
Add Class Member: Failed to add class member : Component L6 3.5nH
Add Class Member: Failed to add class member : Component L7 3.5nH
Added Member To Class: ClassName=EEG_Thesis Member=Component U4 nRF54L15-QFAA
