Added Component: Designator=C1(0402_CAP)
Added Component: Designator=C2(0402_CAP)
Added Component: Designator=C3(0402_CAP)
Added Component: Designator=C4(0402_CAP)
Added Component: Designator=C5(0402_CAP)
Added Component: Designator=C6(0402_CAP)
Added Component: Designator=C7(0402_CAP)
Added Component: Designator=C8(0402_CAP)
Added Component: Designator=E1(EEG_Electrode)
Added Component: Designator=E2(EEG_Electrode)
Added Component: Designator=E3(EEG_Electrode)
Added Component: Designator=E4(EEG_Electrode)
Added Component: Designator=E5(EEG_Electrode)
Added Component: Designator=E6(EEG_Electrode)
Added Component: Designator=E7(EEG_Electrode)
Added Component: Designator=E8(EEG_Electrode)
Added Component: Designator=IC1(QFP50P1200X1200X120-64N)
Add component (AddParameter): Name = "Arrow Part Number"; Value = "ADS1299-6PAG"; VariantName = "[No Variations]"
Add component (AddParameter): Name = "Arrow Price/Stock"; Value = "https://www.arrow.com/en/products/ads1299-6pag/texas-instruments?utm_currency=USD&region=europe"; VariantName = "[No Variations]"
Add component (AddParameter): Name = "Datasheet Link"; Value = "http://www.ti.com/lit/gpn/ads1299-6"; VariantName = "[No Variations]"
Add component (AddParameter): Name = "Height"; Value = "1.2mm"; VariantName = "[No Variations]"
Add component (AddParameter): Name = "Manufacturer_Name"; Value = "Texas Instruments"; VariantName = "[No Variations]"
Add component (AddParameter): Name = "Manufacturer_Part_Number"; Value = "ADS1299-6PAG"; VariantName = "[No Variations]"
Add component (AddParameter): Name = "Mouser Part Number"; Value = "595-ADS1299-6PAG"; VariantName = "[No Variations]"
Add component (AddParameter): Name = "Mouser Price/Stock"; Value = "https://www.mouser.co.uk/ProductDetail/Texas-Instruments/ADS1299-6PAG?qs=9lcNTSmDlCpIqEb4i1mvVg%3D%3D"; VariantName = "[No Variations]"
Added Component: Designator=IC2(QFN50P500X500X90-33N)
Add component (AddParameter): Name = "Arrow Part Number"; Value = "NPM1300-QEAA-R7"; VariantName = "[No Variations]"
Add component (AddParameter): Name = "Arrow Price/Stock"; Value = "https://www.arrow.com/en/products/npm1300-qeaa-r7/nordic-semiconductor?utm_currency=USD&region=nac"; VariantName = "[No Variations]"
Add component (AddParameter): Name = "Datasheet Link"; Value = "https://mm.digikey.com/Volume0/opasdata/d220001/medias/docus/6443/NPM1300-QEAA-R7.pdf"; VariantName = "[No Variations]"
Add component (AddParameter): Name = "Height"; Value = "0.9mm"; VariantName = "[No Variations]"
Add component (AddParameter): Name = "Manufacturer_Name"; Value = "Nordic Semiconductor"; VariantName = "[No Variations]"
Add component (AddParameter): Name = "Manufacturer_Part_Number"; Value = "NPM1300-QEAA-R7"; VariantName = "[No Variations]"
Add component (AddParameter): Name = "Mouser Part Number"; Value = "949-NPM1300-QEAA-R7"; VariantName = "[No Variations]"
Add component (AddParameter): Name = "Mouser Price/Stock"; Value = "https://www.mouser.co.uk/ProductDetail/Nordic-Semiconductor/nPM1300-QEAA-R7?qs=3pZoU%2F6IRTj0hxAp51B2zA%3D%3D"; VariantName = "[No Variations]"
Added Component: Designator=IC3(nRF52840QIAAT)
Add component (AddParameter): Name = "Arrow Part Number"; Value = "NRF52840-QIAA-T"; VariantName = "[No Variations]"
Add component (AddParameter): Name = "Arrow Price/Stock"; Value = "https://www.arrow.com/en/products/nrf52840-qiaa-t/nordic-semiconductor?utm_currency=USD&region=nac"; VariantName = "[No Variations]"
Add component (AddParameter): Name = "Datasheet Link"; Value = "http://www.mouser.com/ds/2/297/nRF52840_OPS_v0.5-1074816.pdf"; VariantName = "[No Variations]"
Add component (AddParameter): Name = "Height"; Value = "0.85mm"; VariantName = "[No Variations]"
Add component (AddParameter): Name = "Manufacturer_Name"; Value = "Nordic Semiconductor"; VariantName = "[No Variations]"
Add component (AddParameter): Name = "Manufacturer_Part_Number"; Value = "nRF52840-QIAA-T"; VariantName = "[No Variations]"
Add component (AddParameter): Name = "Mouser Part Number"; Value = "949-NRF52840-QIAA-T"; VariantName = "[No Variations]"
Add component (AddParameter): Name = "Mouser Price/Stock"; Value = "https://www.mouser.co.uk/ProductDetail/Nordic-Semiconductor/nRF52840-QIAA-T?qs=AQlKX63v8RtTyx08F8csPQ%3D%3D"; VariantName = "[No Variations]"
Added Component: Designator=IC4(SOP65P490X110-8N)
Add component (AddParameter): Name = "Arrow Part Number"; Value = "LTC6078ACMS8#TRPBF"; VariantName = "[No Variations]"
Add component (AddParameter): Name = "Arrow Price/Stock"; Value = "https://www.arrow.com/en/products/ltc6078acms8trpbf/analog-devices?region=nac"; VariantName = "[No Variations]"
Add component (AddParameter): Name = "Datasheet Link"; Value = "https://datasheet.datasheetarchive.com/originals/distributors/Datasheets_SAMA/f60955edb7006695a84935bb44c6cde2.pdf"; VariantName = "[No Variations]"
Add component (AddParameter): Name = "Height"; Value = "1.1mm"; VariantName = "[No Variations]"
Add component (AddParameter): Name = "Manufacturer_Name"; Value = "Analog Devices"; VariantName = "[No Variations]"
Add component (AddParameter): Name = "Manufacturer_Part_Number"; Value = "LTC6078ACMS8#TRPBF"; VariantName = "[No Variations]"
Add component (AddParameter): Name = "Mouser Part Number"; Value = "584-C6078ACMS8TRPBF"; VariantName = "[No Variations]"
Add component (AddParameter): Name = "Mouser Price/Stock"; Value = "https://www.mouser.com/Search/Refine.aspx?Keyword=584-C6078ACMS8TRPBF"; VariantName = "[No Variations]"
Added Component: Designator=IC5(SOP65P490X110-8N)
Add component (AddParameter): Name = "Arrow Part Number"; Value = "LTC6078ACMS8#TRPBF"; VariantName = "[No Variations]"
Add component (AddParameter): Name = "Arrow Price/Stock"; Value = "https://www.arrow.com/en/products/ltc6078acms8trpbf/analog-devices?region=nac"; VariantName = "[No Variations]"
Add component (AddParameter): Name = "Datasheet Link"; Value = "https://datasheet.datasheetarchive.com/originals/distributors/Datasheets_SAMA/f60955edb7006695a84935bb44c6cde2.pdf"; VariantName = "[No Variations]"
Add component (AddParameter): Name = "Height"; Value = "1.1mm"; VariantName = "[No Variations]"
Add component (AddParameter): Name = "Manufacturer_Name"; Value = "Analog Devices"; VariantName = "[No Variations]"
Add component (AddParameter): Name = "Manufacturer_Part_Number"; Value = "LTC6078ACMS8#TRPBF"; VariantName = "[No Variations]"
Add component (AddParameter): Name = "Mouser Part Number"; Value = "584-C6078ACMS8TRPBF"; VariantName = "[No Variations]"
Add component (AddParameter): Name = "Mouser Price/Stock"; Value = "https://www.mouser.com/Search/Refine.aspx?Keyword=584-C6078ACMS8TRPBF"; VariantName = "[No Variations]"
Added Component: Designator=IC6(SOP65P490X110-8N)
Add component (AddParameter): Name = "Arrow Part Number"; Value = "LTC6078ACMS8#TRPBF"; VariantName = "[No Variations]"
Add component (AddParameter): Name = "Arrow Price/Stock"; Value = "https://www.arrow.com/en/products/ltc6078acms8trpbf/analog-devices?region=nac"; VariantName = "[No Variations]"
Add component (AddParameter): Name = "Datasheet Link"; Value = "https://datasheet.datasheetarchive.com/originals/distributors/Datasheets_SAMA/f60955edb7006695a84935bb44c6cde2.pdf"; VariantName = "[No Variations]"
Add component (AddParameter): Name = "Height"; Value = "1.1mm"; VariantName = "[No Variations]"
Add component (AddParameter): Name = "Manufacturer_Name"; Value = "Analog Devices"; VariantName = "[No Variations]"
Add component (AddParameter): Name = "Manufacturer_Part_Number"; Value = "LTC6078ACMS8#TRPBF"; VariantName = "[No Variations]"
Add component (AddParameter): Name = "Mouser Part Number"; Value = "584-C6078ACMS8TRPBF"; VariantName = "[No Variations]"
Add component (AddParameter): Name = "Mouser Price/Stock"; Value = "https://www.mouser.com/Search/Refine.aspx?Keyword=584-C6078ACMS8TRPBF"; VariantName = "[No Variations]"
Added Component: Designator=IC7(SOP65P490X110-8N)
Add component (AddParameter): Name = "Arrow Part Number"; Value = "LTC6078ACMS8#TRPBF"; VariantName = "[No Variations]"
Add component (AddParameter): Name = "Arrow Price/Stock"; Value = "https://www.arrow.com/en/products/ltc6078acms8trpbf/analog-devices?region=nac"; VariantName = "[No Variations]"
Add component (AddParameter): Name = "Datasheet Link"; Value = "https://datasheet.datasheetarchive.com/originals/distributors/Datasheets_SAMA/f60955edb7006695a84935bb44c6cde2.pdf"; VariantName = "[No Variations]"
Add component (AddParameter): Name = "Height"; Value = "1.1mm"; VariantName = "[No Variations]"
Add component (AddParameter): Name = "Manufacturer_Name"; Value = "Analog Devices"; VariantName = "[No Variations]"
Add component (AddParameter): Name = "Manufacturer_Part_Number"; Value = "LTC6078ACMS8#TRPBF"; VariantName = "[No Variations]"
Add component (AddParameter): Name = "Mouser Part Number"; Value = "584-C6078ACMS8TRPBF"; VariantName = "[No Variations]"
Add component (AddParameter): Name = "Mouser Price/Stock"; Value = "https://www.mouser.com/Search/Refine.aspx?Keyword=584-C6078ACMS8TRPBF"; VariantName = "[No Variations]"
Added Component: Designator=IC8(SOP65P490X110-8N)
Add component (AddParameter): Name = "Arrow Part Number"; Value = "LTC6078ACMS8#TRPBF"; VariantName = "[No Variations]"
Add component (AddParameter): Name = "Arrow Price/Stock"; Value = "https://www.arrow.com/en/products/ltc6078acms8trpbf/analog-devices?region=nac"; VariantName = "[No Variations]"
Add component (AddParameter): Name = "Datasheet Link"; Value = "https://datasheet.datasheetarchive.com/originals/distributors/Datasheets_SAMA/f60955edb7006695a84935bb44c6cde2.pdf"; VariantName = "[No Variations]"
Add component (AddParameter): Name = "Height"; Value = "1.1mm"; VariantName = "[No Variations]"
Add component (AddParameter): Name = "Manufacturer_Name"; Value = "Analog Devices"; VariantName = "[No Variations]"
Add component (AddParameter): Name = "Manufacturer_Part_Number"; Value = "LTC6078ACMS8#TRPBF"; VariantName = "[No Variations]"
Add component (AddParameter): Name = "Mouser Part Number"; Value = "584-C6078ACMS8TRPBF"; VariantName = "[No Variations]"
Add component (AddParameter): Name = "Mouser Price/Stock"; Value = "https://www.mouser.com/Search/Refine.aspx?Keyword=584-C6078ACMS8TRPBF"; VariantName = "[No Variations]"
Added Component: Designator=IC9(SOP65P490X110-8N)
Add component (AddParameter): Name = "Arrow Part Number"; Value = "LTC6078ACMS8#TRPBF"; VariantName = "[No Variations]"
Add component (AddParameter): Name = "Arrow Price/Stock"; Value = "https://www.arrow.com/en/products/ltc6078acms8trpbf/analog-devices?region=nac"; VariantName = "[No Variations]"
Add component (AddParameter): Name = "Datasheet Link"; Value = "https://datasheet.datasheetarchive.com/originals/distributors/Datasheets_SAMA/f60955edb7006695a84935bb44c6cde2.pdf"; VariantName = "[No Variations]"
Add component (AddParameter): Name = "Height"; Value = "1.1mm"; VariantName = "[No Variations]"
Add component (AddParameter): Name = "Manufacturer_Name"; Value = "Analog Devices"; VariantName = "[No Variations]"
Add component (AddParameter): Name = "Manufacturer_Part_Number"; Value = "LTC6078ACMS8#TRPBF"; VariantName = "[No Variations]"
Add component (AddParameter): Name = "Mouser Part Number"; Value = "584-C6078ACMS8TRPBF"; VariantName = "[No Variations]"
Add component (AddParameter): Name = "Mouser Price/Stock"; Value = "https://www.mouser.com/Search/Refine.aspx?Keyword=584-C6078ACMS8TRPBF"; VariantName = "[No Variations]"
Added Component: Designator=IC10(SOP65P490X110-8N)
Add component (AddParameter): Name = "Arrow Part Number"; Value = "LTC6078ACMS8#TRPBF"; VariantName = "[No Variations]"
Add component (AddParameter): Name = "Arrow Price/Stock"; Value = "https://www.arrow.com/en/products/ltc6078acms8trpbf/analog-devices?region=nac"; VariantName = "[No Variations]"
Add component (AddParameter): Name = "Datasheet Link"; Value = "https://datasheet.datasheetarchive.com/originals/distributors/Datasheets_SAMA/f60955edb7006695a84935bb44c6cde2.pdf"; VariantName = "[No Variations]"
Add component (AddParameter): Name = "Height"; Value = "1.1mm"; VariantName = "[No Variations]"
Add component (AddParameter): Name = "Manufacturer_Name"; Value = "Analog Devices"; VariantName = "[No Variations]"
Add component (AddParameter): Name = "Manufacturer_Part_Number"; Value = "LTC6078ACMS8#TRPBF"; VariantName = "[No Variations]"
Add component (AddParameter): Name = "Mouser Part Number"; Value = "584-C6078ACMS8TRPBF"; VariantName = "[No Variations]"
Add component (AddParameter): Name = "Mouser Price/Stock"; Value = "https://www.mouser.com/Search/Refine.aspx?Keyword=584-C6078ACMS8TRPBF"; VariantName = "[No Variations]"
Added Component: Designator=IC11(SOP65P490X110-8N)
Add component (AddParameter): Name = "Arrow Part Number"; Value = "LTC6078ACMS8#TRPBF"; VariantName = "[No Variations]"
Add component (AddParameter): Name = "Arrow Price/Stock"; Value = "https://www.arrow.com/en/products/ltc6078acms8trpbf/analog-devices?region=nac"; VariantName = "[No Variations]"
Add component (AddParameter): Name = "Datasheet Link"; Value = "https://datasheet.datasheetarchive.com/originals/distributors/Datasheets_SAMA/f60955edb7006695a84935bb44c6cde2.pdf"; VariantName = "[No Variations]"
Add component (AddParameter): Name = "Height"; Value = "1.1mm"; VariantName = "[No Variations]"
Add component (AddParameter): Name = "Manufacturer_Name"; Value = "Analog Devices"; VariantName = "[No Variations]"
Add component (AddParameter): Name = "Manufacturer_Part_Number"; Value = "LTC6078ACMS8#TRPBF"; VariantName = "[No Variations]"
Add component (AddParameter): Name = "Mouser Part Number"; Value = "584-C6078ACMS8TRPBF"; VariantName = "[No Variations]"
Add component (AddParameter): Name = "Mouser Price/Stock"; Value = "https://www.mouser.com/Search/Refine.aspx?Keyword=584-C6078ACMS8TRPBF"; VariantName = "[No Variations]"
Added Component: Designator=R1(0402_RES)
Added Component: Designator=R2(0402_RES)
Added Component: Designator=R3(0402_RES)
Added Component: Designator=R4(0402_RES)
Added Component: Designator=R5(0402_RES)
Added Component: Designator=R6(0402_RES)
Added Component: Designator=R7(0402_RES)
Added Component: Designator=R8(0402_RES)
Added Component: Designator=R9(0402_RES)
Added Component: Designator=R10(0402_RES)
Added Component: Designator=R11(0402_RES)
Added Component: Designator=R12(0402_RES)
Added Component: Designator=R13(0402_RES)
Added Component: Designator=R14(0402_RES)
Added Component: Designator=R15(0402_RES)
Added Component: Designator=R16(0402_RES)
Added Component: Designator=R17(0402_RES)
Added Component: Designator=R18(0402_RES)
Added Component: Designator=R19(0402_RES)
Added Component: Designator=R20(0402_RES)
Added Component: Designator=R21(0402_RES)
Added Component: Designator=R22(0402_RES)
Added Component: Designator=R23(0402_RES)
Added Component: Designator=R24(0402_RES)
Added Component: Designator=R25(0402_RES)
Added Component: Designator=R26(0402_RES)
Added Component: Designator=R27(0402_RES)
Added Component: Designator=R28(0402_RES)
Added Component: Designator=R29(0402_RES)
Added Component: Designator=R30(0402_RES)
Added Component: Designator=R31(0402_RES)
Added Component: Designator=R32(0402_RES)
Added Pin To Net: NetName=GND Pin=C1-2
Added Pin To Net: NetName=GND Pin=C2-2
Added Pin To Net: NetName=GND Pin=C3-2
Added Pin To Net: NetName=GND Pin=C4-2
Added Pin To Net: NetName=GND Pin=C5-2
Added Pin To Net: NetName=GND Pin=C6-2
Added Pin To Net: NetName=GND Pin=C7-2
Added Pin To Net: NetName=GND Pin=C8-2
Added Pin To Net: NetName=GND Pin=IC4-4
Added Pin To Net: NetName=GND Pin=IC5-4
Added Pin To Net: NetName=GND Pin=IC6-4
Added Pin To Net: NetName=GND Pin=IC7-4
Added Pin To Net: NetName=GND Pin=IC8-4
Added Pin To Net: NetName=GND Pin=IC9-4
Added Pin To Net: NetName=GND Pin=IC10-4
Added Pin To Net: NetName=GND Pin=IC11-4
Added Pin To Net: NetName=GND Pin=R4-2
Added Pin To Net: NetName=GND Pin=R8-2
Added Pin To Net: NetName=GND Pin=R15-2
Added Pin To Net: NetName=GND Pin=R16-2
Added Pin To Net: NetName=GND Pin=R23-2
Added Pin To Net: NetName=GND Pin=R24-2
Added Pin To Net: NetName=GND Pin=R31-2
Added Pin To Net: NetName=GND Pin=R32-2
Added Net: Name=GND
Added Pin To Net: NetName=GUARD_RING1 Pin=R2-2
Added Pin To Net: NetName=GUARD_RING1 Pin=R4-1
Added Net: Name=GUARD_RING1
Added Pin To Net: NetName=GUARD_RING2 Pin=R13-2
Added Pin To Net: NetName=GUARD_RING2 Pin=R16-1
Added Net: Name=GUARD_RING2
Added Pin To Net: NetName=GUARD_RING3 Pin=R21-2
Added Pin To Net: NetName=GUARD_RING3 Pin=R24-1
Added Net: Name=GUARD_RING3
Added Pin To Net: NetName=GUARD_RING4 Pin=R29-2
Added Pin To Net: NetName=GUARD_RING4 Pin=R32-1
Added Net: Name=GUARD_RING4
Added Pin To Net: NetName=GUARD_RING5 Pin=R6-2
Added Pin To Net: NetName=GUARD_RING5 Pin=R8-1
Added Net: Name=GUARD_RING5
Added Pin To Net: NetName=GUARD_RING6 Pin=R10-2
Added Pin To Net: NetName=GUARD_RING6 Pin=R15-1
Added Net: Name=GUARD_RING6
Added Pin To Net: NetName=GUARD_RING7 Pin=R18-2
Added Pin To Net: NetName=GUARD_RING7 Pin=R23-1
Added Net: Name=GUARD_RING7
Added Pin To Net: NetName=GUARD_RING8 Pin=R26-2
Added Pin To Net: NetName=GUARD_RING8 Pin=R31-1
Added Net: Name=GUARD_RING8
Added Pin To Net: NetName=INT1 Pin=IC4-1
Added Pin To Net: NetName=INT1 Pin=IC4-2
Added Pin To Net: NetName=INT1 Pin=IC4-5
Added Pin To Net: NetName=INT1 Pin=R1-2
Added Net: Name=INT1
Added Pin To Net: NetName=INT2 Pin=IC7-1
Added Pin To Net: NetName=INT2 Pin=IC7-2
Added Pin To Net: NetName=INT2 Pin=IC7-5
Added Pin To Net: NetName=INT2 Pin=R11-2
Added Net: Name=INT2
Added Pin To Net: NetName=INT3 Pin=IC9-1
Added Pin To Net: NetName=INT3 Pin=IC9-2
Added Pin To Net: NetName=INT3 Pin=IC9-5
Added Pin To Net: NetName=INT3 Pin=R19-2
Added Net: Name=INT3
Added Pin To Net: NetName=INT4 Pin=IC11-1
Added Pin To Net: NetName=INT4 Pin=IC11-2
Added Pin To Net: NetName=INT4 Pin=IC11-5
Added Pin To Net: NetName=INT4 Pin=R27-2
Added Net: Name=INT4
Added Pin To Net: NetName=INT5 Pin=IC5-1
Added Pin To Net: NetName=INT5 Pin=IC5-2
Added Pin To Net: NetName=INT5 Pin=IC5-5
Added Pin To Net: NetName=INT5 Pin=R5-2
Added Net: Name=INT5
Added Pin To Net: NetName=INT6 Pin=IC6-1
Added Pin To Net: NetName=INT6 Pin=IC6-2
Added Pin To Net: NetName=INT6 Pin=IC6-5
Added Pin To Net: NetName=INT6 Pin=R9-2
Added Net: Name=INT6
Added Pin To Net: NetName=INT7 Pin=IC8-1
Added Pin To Net: NetName=INT7 Pin=IC8-2
Added Pin To Net: NetName=INT7 Pin=IC8-5
Added Pin To Net: NetName=INT7 Pin=R17-2
Added Net: Name=INT7
Added Pin To Net: NetName=INT8 Pin=IC10-1
Added Pin To Net: NetName=INT8 Pin=IC10-2
Added Pin To Net: NetName=INT8 Pin=IC10-5
Added Pin To Net: NetName=INT8 Pin=R25-2
Added Net: Name=INT8
Added Pin To Net: NetName=NetE1_1 Pin=E1-1
Added Pin To Net: NetName=NetE1_1 Pin=R7-1
Added Net: Name=NetE1_1
Added Pin To Net: NetName=NetE2_1 Pin=E2-1
Added Pin To Net: NetName=NetE2_1 Pin=R12-1
Added Net: Name=NetE2_1
Added Pin To Net: NetName=NetE3_1 Pin=E3-1
Added Pin To Net: NetName=NetE3_1 Pin=R14-1
Added Net: Name=NetE3_1
Added Pin To Net: NetName=NetE4_1 Pin=E4-1
Added Pin To Net: NetName=NetE4_1 Pin=R20-1
Added Net: Name=NetE4_1
Added Pin To Net: NetName=NetE5_1 Pin=E5-1
Added Pin To Net: NetName=NetE5_1 Pin=R22-1
Added Net: Name=NetE5_1
Added Pin To Net: NetName=NetE6_1 Pin=E6-1
Added Pin To Net: NetName=NetE6_1 Pin=R3-1
Added Net: Name=NetE6_1
Added Pin To Net: NetName=NetE7_1 Pin=E7-1
Added Pin To Net: NetName=NetE7_1 Pin=R28-1
Added Net: Name=NetE7_1
Added Pin To Net: NetName=NetE8_1 Pin=E8-1
Added Pin To Net: NetName=NetE8_1 Pin=R30-1
Added Net: Name=NetE8_1
Added Pin To Net: NetName=NetIC4_3 Pin=IC4-3
Added Pin To Net: NetName=NetIC4_3 Pin=R3-2
Added Net: Name=NetIC4_3
Added Pin To Net: NetName=NetIC4_6 Pin=IC4-6
Added Pin To Net: NetName=NetIC4_6 Pin=IC4-7
Added Pin To Net: NetName=NetIC4_6 Pin=R2-1
Added Net: Name=NetIC4_6
Added Pin To Net: NetName=NetIC5_3 Pin=IC5-3
Added Pin To Net: NetName=NetIC5_3 Pin=R7-2
Added Net: Name=NetIC5_3
Added Pin To Net: NetName=NetIC5_6 Pin=IC5-6
Added Pin To Net: NetName=NetIC5_6 Pin=IC5-7
Added Pin To Net: NetName=NetIC5_6 Pin=R6-1
Added Net: Name=NetIC5_6
Added Pin To Net: NetName=NetIC6_3 Pin=IC6-3
Added Pin To Net: NetName=NetIC6_3 Pin=R12-2
Added Net: Name=NetIC6_3
Added Pin To Net: NetName=NetIC6_6 Pin=IC6-6
Added Pin To Net: NetName=NetIC6_6 Pin=IC6-7
Added Pin To Net: NetName=NetIC6_6 Pin=R10-1
Added Net: Name=NetIC6_6
Added Pin To Net: NetName=NetIC7_3 Pin=IC7-3
Added Pin To Net: NetName=NetIC7_3 Pin=R14-2
Added Net: Name=NetIC7_3
Added Pin To Net: NetName=NetIC7_6 Pin=IC7-6
Added Pin To Net: NetName=NetIC7_6 Pin=IC7-7
Added Pin To Net: NetName=NetIC7_6 Pin=R13-1
Added Net: Name=NetIC7_6
Added Pin To Net: NetName=NetIC8_3 Pin=IC8-3
Added Pin To Net: NetName=NetIC8_3 Pin=R20-2
Added Net: Name=NetIC8_3
Added Pin To Net: NetName=NetIC8_6 Pin=IC8-6
Added Pin To Net: NetName=NetIC8_6 Pin=IC8-7
Added Pin To Net: NetName=NetIC8_6 Pin=R18-1
Added Net: Name=NetIC8_6
Added Pin To Net: NetName=NetIC9_3 Pin=IC9-3
Added Pin To Net: NetName=NetIC9_3 Pin=R22-2
Added Net: Name=NetIC9_3
Added Pin To Net: NetName=NetIC9_6 Pin=IC9-6
Added Pin To Net: NetName=NetIC9_6 Pin=IC9-7
Added Pin To Net: NetName=NetIC9_6 Pin=R21-1
Added Net: Name=NetIC9_6
Added Pin To Net: NetName=NetIC10_3 Pin=IC10-3
Added Pin To Net: NetName=NetIC10_3 Pin=R28-2
Added Net: Name=NetIC10_3
Added Pin To Net: NetName=NetIC10_6 Pin=IC10-6
Added Pin To Net: NetName=NetIC10_6 Pin=IC10-7
Added Pin To Net: NetName=NetIC10_6 Pin=R26-1
Added Net: Name=NetIC10_6
Added Pin To Net: NetName=NetIC11_3 Pin=IC11-3
Added Pin To Net: NetName=NetIC11_3 Pin=R30-2
Added Net: Name=NetIC11_3
Added Pin To Net: NetName=NetIC11_6 Pin=IC11-6
Added Pin To Net: NetName=NetIC11_6 Pin=IC11-7
Added Pin To Net: NetName=NetIC11_6 Pin=R29-1
Added Net: Name=NetIC11_6
Added Pin To Net: NetName=SIG_OUT1 Pin=R1-1
Added Net: Name=SIG_OUT1
Added Pin To Net: NetName=SIG_OUT2 Pin=R11-1
Added Net: Name=SIG_OUT2
Added Pin To Net: NetName=SIG_OUT3 Pin=R19-1
Added Net: Name=SIG_OUT3
Added Pin To Net: NetName=SIG_OUT4 Pin=R27-1
Added Net: Name=SIG_OUT4
Added Pin To Net: NetName=SIG_OUT5 Pin=R5-1
Added Net: Name=SIG_OUT5
Added Pin To Net: NetName=SIG_OUT6 Pin=R9-1
Added Net: Name=SIG_OUT6
Added Pin To Net: NetName=SIG_OUT7 Pin=R17-1
Added Net: Name=SIG_OUT7
Added Pin To Net: NetName=SIG_OUT8 Pin=R25-1
Added Net: Name=SIG_OUT8
Added Pin To Net: NetName=VCC Pin=C1-1
Added Pin To Net: NetName=VCC Pin=C2-1
Added Pin To Net: NetName=VCC Pin=C3-1
Added Pin To Net: NetName=VCC Pin=C4-1
Added Pin To Net: NetName=VCC Pin=C5-1
Added Pin To Net: NetName=VCC Pin=C6-1
Added Pin To Net: NetName=VCC Pin=C7-1
Added Pin To Net: NetName=VCC Pin=C8-1
Added Pin To Net: NetName=VCC Pin=IC4-8
Added Pin To Net: NetName=VCC Pin=IC5-8
Added Pin To Net: NetName=VCC Pin=IC6-8
Added Pin To Net: NetName=VCC Pin=IC7-8
Added Pin To Net: NetName=VCC Pin=IC8-8
Added Pin To Net: NetName=VCC Pin=IC9-8
Added Pin To Net: NetName=VCC Pin=IC10-8
Added Pin To Net: NetName=VCC Pin=IC11-8
Added Net: Name=VCC
Added Member To Class: ClassName=EEG_Electrodes Member=Component C1 0.1u
Added Member To Class: ClassName=EEG_Electrodes Member=Component C2 0.1u
Added Member To Class: ClassName=EEG_Electrodes Member=Component C3 0.1u
Added Member To Class: ClassName=EEG_Electrodes Member=Component C4 0.1u
Added Member To Class: ClassName=EEG_Electrodes Member=Component C5 0.1u
Added Member To Class: ClassName=EEG_Electrodes Member=Component C6 0.1u
Added Member To Class: ClassName=EEG_Electrodes Member=Component C7 0.1u
Added Member To Class: ClassName=EEG_Electrodes Member=Component C8 0.1u
Added Member To Class: ClassName=EEG_Electrodes Member=Component E1 EEG_Electrode
Added Member To Class: ClassName=EEG_Electrodes Member=Component E2 EEG_Electrode
Added Member To Class: ClassName=EEG_Electrodes Member=Component E3 EEG_Electrode
Added Member To Class: ClassName=EEG_Electrodes Member=Component E4 EEG_Electrode
Added Member To Class: ClassName=EEG_Electrodes Member=Component E5 EEG_Electrode
Added Member To Class: ClassName=EEG_Electrodes Member=Component E6 EEG_Electrode
Added Member To Class: ClassName=EEG_Electrodes Member=Component E7 EEG_Electrode
Added Member To Class: ClassName=EEG_Electrodes Member=Component E8 EEG_Electrode
Added Member To Class: ClassName=EEG_Thesis Member=Component IC1 ADS1299-6PAG
Added Member To Class: ClassName=EEG_Thesis Member=Component IC2 NPM1300-QEAA-R7
Added Member To Class: ClassName=EEG_Thesis Member=Component IC3 nRF52840-QIAA-T
Added Member To Class: ClassName=EEG_Electrodes Member=Component IC4 LTC6078ACMS8#TRPBF
Added Member To Class: ClassName=EEG_Electrodes Member=Component IC5 LTC6078ACMS8#TRPBF
Added Member To Class: ClassName=EEG_Electrodes Member=Component IC6 LTC6078ACMS8#TRPBF
Added Member To Class: ClassName=EEG_Electrodes Member=Component IC7 LTC6078ACMS8#TRPBF
Added Member To Class: ClassName=EEG_Electrodes Member=Component IC8 LTC6078ACMS8#TRPBF
Added Member To Class: ClassName=EEG_Electrodes Member=Component IC9 LTC6078ACMS8#TRPBF
Added Member To Class: ClassName=EEG_Electrodes Member=Component IC10 LTC6078ACMS8#TRPBF
Added Member To Class: ClassName=EEG_Electrodes Member=Component IC11 LTC6078ACMS8#TRPBF
Added Member To Class: ClassName=EEG_Electrodes Member=Component R1 100
Added Member To Class: ClassName=EEG_Electrodes Member=Component R2 100
Added Member To Class: ClassName=EEG_Electrodes Member=Component R3 68k
Added Member To Class: ClassName=EEG_Electrodes Member=Component R4 10k
Added Member To Class: ClassName=EEG_Electrodes Member=Component R5 100
Added Member To Class: ClassName=EEG_Electrodes Member=Component R6 100
Added Member To Class: ClassName=EEG_Electrodes Member=Component R7 68k
Added Member To Class: ClassName=EEG_Electrodes Member=Component R8 10k
Added Member To Class: ClassName=EEG_Electrodes Member=Component R9 100
Added Member To Class: ClassName=EEG_Electrodes Member=Component R10 100
Added Member To Class: ClassName=EEG_Electrodes Member=Component R11 100
Added Member To Class: ClassName=EEG_Electrodes Member=Component R12 68k
Added Member To Class: ClassName=EEG_Electrodes Member=Component R13 100
Added Member To Class: ClassName=EEG_Electrodes Member=Component R14 68k
Added Member To Class: ClassName=EEG_Electrodes Member=Component R15 10k
Added Member To Class: ClassName=EEG_Electrodes Member=Component R16 10k
Added Member To Class: ClassName=EEG_Electrodes Member=Component R17 100
Added Member To Class: ClassName=EEG_Electrodes Member=Component R18 100
Added Member To Class: ClassName=EEG_Electrodes Member=Component R19 100
Added Member To Class: ClassName=EEG_Electrodes Member=Component R20 68k
Added Member To Class: ClassName=EEG_Electrodes Member=Component R21 100
Added Member To Class: ClassName=EEG_Electrodes Member=Component R22 68k
Added Member To Class: ClassName=EEG_Electrodes Member=Component R23 10k
Added Member To Class: ClassName=EEG_Electrodes Member=Component R24 10k
Added Member To Class: ClassName=EEG_Electrodes Member=Component R25 100
Added Member To Class: ClassName=EEG_Electrodes Member=Component R26 100
Added Member To Class: ClassName=EEG_Electrodes Member=Component R27 100
Added Member To Class: ClassName=EEG_Electrodes Member=Component R28 68k
Added Member To Class: ClassName=EEG_Electrodes Member=Component R29 100
Added Member To Class: ClassName=EEG_Electrodes Member=Component R30 68k
Added Member To Class: ClassName=EEG_Electrodes Member=Component R31 10k
Added Member To Class: ClassName=EEG_Electrodes Member=Component R32 10k
